// Jest Snapshot v1, https://goo.gl/fbAQLP

exports[`operators.swift 1`] = `
let a = b + c * d - e || f << g ?? h
let a = -b
let a = !b

let ref = &a
let ref = &_a
let ref = &a[i]

theQuickBrownFoxJumpsOverTheLazyDog = theQuickBrownFoxJumpsOverTheLazyDog + theQuickBrownFoxJumpsOverTheLazyDog - theQuickBrownFoxJumpsOverTheLazyDog
theQuickBrownFoxJumpsOverTheLazyDog = theQuickBrownFoxJumpsOverTheLazyDog + theQuickBrownFoxJumpsOverTheLazyDog < theQuickBrownFoxJumpsOverTheLazyDog
theQuickBrownFoxJumpsOverTheLazyDog = theQuickBrownFoxJumpsOverTheLazyDog + theQuickBrownFoxJumpsOverTheLazyDog <= theQuickBrownFoxJumpsOverTheLazyDog
theQuickBrownFoxJumpsOverTheLazyDog = theQuickBrownFoxJumpsOverTheLazyDog + theQuickBrownFoxJumpsOverTheLazyDog != theQuickBrownFoxJumpsOverTheLazyDog
theQuickBrownFoxJumpsOverTheLazyDog = theQuickBrownFoxJumpsOverTheLazyDog == theQuickBrownFoxJumpsOverTheLazyDog || theQuickBrownFoxJumpsOverTheLazyDog == theQuickBrownFoxJumpsOverTheLazyDog
~~~~~~~~~~~~~~~~~~~~~~~~~~~~~~~~~~~~~~~~~~~~~~~~~~~~~~~~~~~~~~~~~~~~~~~~~~~~~~~~
let a = b + c * d - e || f << g ?? h
let a = -b
let a = !b

let ref = &a
let ref = &_a
let ref = &a[i]

theQuickBrownFoxJumpsOverTheLazyDog = theQuickBrownFoxJumpsOverTheLazyDog
    + theQuickBrownFoxJumpsOverTheLazyDog
    - theQuickBrownFoxJumpsOverTheLazyDog
theQuickBrownFoxJumpsOverTheLazyDog = theQuickBrownFoxJumpsOverTheLazyDog
    + theQuickBrownFoxJumpsOverTheLazyDog
    < theQuickBrownFoxJumpsOverTheLazyDog
theQuickBrownFoxJumpsOverTheLazyDog = theQuickBrownFoxJumpsOverTheLazyDog
    + theQuickBrownFoxJumpsOverTheLazyDog <= theQuickBrownFoxJumpsOverTheLazyDog
theQuickBrownFoxJumpsOverTheLazyDog = theQuickBrownFoxJumpsOverTheLazyDog
    + theQuickBrownFoxJumpsOverTheLazyDog != theQuickBrownFoxJumpsOverTheLazyDog
theQuickBrownFoxJumpsOverTheLazyDog = theQuickBrownFoxJumpsOverTheLazyDog == theQuickBrownFoxJumpsOverTheLazyDog
    || theQuickBrownFoxJumpsOverTheLazyDog == theQuickBrownFoxJumpsOverTheLazyDog

`;
