// Jest Snapshot v1, https://goo.gl/fbAQLP

exports[`type_self.swift 1`] = `
let a = SomeType.self
let b = Something.SomeType.self
let c = [SomeType].self
let d = [SomeType: SomeType].self
let e = SomeGenericType<String>.self
~~~~~~~~~~~~~~~~~~~~~~~~~~~~~~~~~~~~~~~~~~~~~~~~~~~~~~~~~~~~~~~~~~~~~~~~~~~~~~~~
let a = SomeType.self
let b = Something.SomeType.self
let c = [SomeType].self
let d = [SomeType: SomeType].self
let e = SomeGenericType<String>.self

`;
