// Jest Snapshot v1, https://goo.gl/fbAQLP

exports[`extensions.swift 1`] = `
extension Foo {}
public extension Foo {}
extension Foo: Swift.Error {}

public final class Artist: NSObject, JSONAbleType {}

@objc
class OnlineProvider<Target> where Target: Moya.TargetType {}
~~~~~~~~~~~~~~~~~~~~~~~~~~~~~~~~~~~~~~~~~~~~~~~~~~~~~~~~~~~~~~~~~~~~~~~~~~~~~~~~
extension Foo { }
public extension Foo { }
extension Foo: Swift.Error { }

public final class Artist: NSObject, JSONAbleType { }

@objc class OnlineProvider<Target> where Target: Moya.TargetType { }

`;
