// Jest Snapshot v1, https://goo.gl/fbAQLP

exports[`as.swift 1`] = `
let a = b as? C

theQuickBrownFoxJumpsOverTheLazyDog as? TheQuickBrownFoxJumpsOverTheLazyDog

let letTheQuickBrownFoxJumpsOverTheLazyDog = theQuickBrownFoxJumpsOverTheLazyDog.theQuickBrownFoxJumpsOverTheLazyDog() as? AppViewController
~~~~~~~~~~~~~~~~~~~~~~~~~~~~~~~~~~~~~~~~~~~~~~~~~~~~~~~~~~~~~~~~~~~~~~~~~~~~~~~~
let a = b
    as? C

theQuickBrownFoxJumpsOverTheLazyDog
    as? TheQuickBrownFoxJumpsOverTheLazyDog

let letTheQuickBrownFoxJumpsOverTheLazyDog = theQuickBrownFoxJumpsOverTheLazyDog.theQuickBrownFoxJumpsOverTheLazyDog()
    as? AppViewController

`;
