// Jest Snapshot v1, https://goo.gl/fbAQLP

exports[`generic_where_clause.swift 1`] = `
extension ShapedFruit where Shape: Pear {

}

extension TheQuickBrownFoxJumpsOverTheLazyDogTheQuickBrownFoxJumpsOverTheLazyDog where TheLazyDog: VeryLazyDog {

}

class Fox {
    func jump<Dog>(over: Dog) where Dog: LazyDog {

    }

    func theQuickBrownFoxJumpsOverTheLazyDogTheQuickBrownFoxJumpsOver<TheLazyDog>() where TheLazyDog: VeryLazyDog {

    }
}
~~~~~~~~~~~~~~~~~~~~~~~~~~~~~~~~~~~~~~~~~~~~~~~~~~~~~~~~~~~~~~~~~~~~~~~~~~~~~~~~
extension ShapedFruit where Shape: Pear { }

extension TheQuickBrownFoxJumpsOverTheLazyDogTheQuickBrownFoxJumpsOverTheLazyDog
    where TheLazyDog: VeryLazyDog { }

class Fox {
    func jump<Dog>(over: Dog) where Dog: LazyDog { }

    func theQuickBrownFoxJumpsOverTheLazyDogTheQuickBrownFoxJumpsOver<TheLazyDog>()
        where TheLazyDog: VeryLazyDog { }
}

`;
