// Jest Snapshot v1, https://goo.gl/fbAQLP

exports[`defer.swift 1`] = `
func test() {
    defer { print("hi") }

    defer {
        print("hello")
        print("world")
    }
}
~~~~~~~~~~~~~~~~~~~~~~~~~~~~~~~~~~~~~~~~~~~~~~~~~~~~~~~~~~~~~~~~~~~~~~~~~~~~~~~~
func test() {
    defer { print("hi") }

    defer {
        print("hello")
        print("world")
    }
}

`;
