// Jest Snapshot v1, https://goo.gl/fbAQLP

exports[`function_calls.swift 1`] = `
foo()
foo(1)
foo(1, bar: 2)
foo(bar: 1, baz: 2)
foo(bar: { _ in 3 })

theQuickBrownFoxJumpsOverTheLazyDog(letTheQuickBrownFoxJumpsOverTheLazyDog(letTheQuickBrownFoxJumpsOverTheLazyDog()))
letTheQuickBrownFoxJumpsOverTheLazyDog(letTheQuickBrownFoxJumpsOverTheLazyDog: [
    letTheQuickBrownFoxJumpsOverTheLazyDog,
    letTheQuickBrownFoxJumpsOverTheLazyDog
])
~~~~~~~~~~~~~~~~~~~~~~~~~~~~~~~~~~~~~~~~~~~~~~~~~~~~~~~~~~~~~~~~~~~~~~~~~~~~~~~~
foo()
foo(1)
foo(1, bar: 2)
foo(bar: 1, baz: 2)
foo(bar: { _ in 3 })

theQuickBrownFoxJumpsOverTheLazyDog(letTheQuickBrownFoxJumpsOverTheLazyDog(letTheQuickBrownFoxJumpsOverTheLazyDog()))
letTheQuickBrownFoxJumpsOverTheLazyDog(letTheQuickBrownFoxJumpsOverTheLazyDog: [
    letTheQuickBrownFoxJumpsOverTheLazyDog,
    letTheQuickBrownFoxJumpsOverTheLazyDog
])

`;
