// Jest Snapshot v1, https://goo.gl/fbAQLP

exports[`for_in.swift 1`] = `
for e0 in [1, 2, 3] { print(e0) }

for e1 in [1, 2, 3] {
    print(e1)
}

for e2 in elements {
    print(e2)
}

for e2 in elements where e2 % 2 == 0 {
    print(e2)
}
~~~~~~~~~~~~~~~~~~~~~~~~~~~~~~~~~~~~~~~~~~~~~~~~~~~~~~~~~~~~~~~~~~~~~~~~~~~~~~~~
for e0 in [1, 2, 3] {
    print(e0)
}

for e1 in [1, 2, 3] {
    print(e1)
}

for e2 in elements {
    print(e2)
}

for e2 in elements where e2 % 2 == 0 {
    print(e2)
}

`;
