// Jest Snapshot v1, https://goo.gl/fbAQLP

exports[`typealias.swift 1`] = `
typealias LetterList = String
typealias StringKeyedDictionary<E> = Dictionary<String, E>
public typealias LetterList = String
~~~~~~~~~~~~~~~~~~~~~~~~~~~~~~~~~~~~~~~~~~~~~~~~~~~~~~~~~~~~~~~~~~~~~~~~~~~~~~~~
typealias LetterList = String
typealias StringKeyedDictionary<E> = Dictionary<String, E>
public typealias LetterList = String

`;
