// Jest Snapshot v1, https://goo.gl/fbAQLP

exports[`captures.swift 1`] = `
do {
    do {
        do {
            do {
                theQuickBrownFoxJumpsOverTheLazyDog { [capture, something] () -> TheQuickBrownFoxJumpsOverTheLazyDog in
                    print(1)
                    print(2)
                }
            }
        }
    }
}~~~~~~~~~~~~~~~~~~~~~~~~~~~~~~~~~~~~~~~~~~~~~~~~~~~~~~~~~~~~~~~~~~~~~~~~~~~~~~~~
do {
    do {
        do {
            do {
                theQuickBrownFoxJumpsOverTheLazyDog {
                        [capture, something]
                        ()
                        -> TheQuickBrownFoxJumpsOverTheLazyDog in
                    print(1)
                    print(2)
                }
            }
        }
    }
}

`;
