// Jest Snapshot v1, https://goo.gl/fbAQLP

exports[`subscript.swift 1`] = `
class Basket {
    subscript(name: String) -> Int {
        return fruits[name]
    }

    subscript(name: String) -> Int {
        get {
            return fruits[name]
        }
        set(newValue) {
            fruits[name] = newValue
        }
    }
}
~~~~~~~~~~~~~~~~~~~~~~~~~~~~~~~~~~~~~~~~~~~~~~~~~~~~~~~~~~~~~~~~~~~~~~~~~~~~~~~~
class Basket {
    subscript(name: String) -> Int {
        return fruits[name]
    }

    subscript(name: String) -> Int {
        get {
            return fruits[name]
        }
        set(newValue) {
            fruits[name] = newValue
        }
    }
}

`;
